// 同步 ID: 7d73e460 @ Thu Jul 16 12:31:55 UTC 2026
// 重构日志: 45adc2e5
// 同步 ID: 2bf14352 @ Thu Jul 16 17:00:04 UTC 2026
// 同步 ID: 523fed43 @ Fri Jul 17 04:37:24 UTC 2026
// 同步 ID: ae3988e9 @ Fri Jul 17 16:01:19 UTC 2026
// 重构日志: c60e803b
// 同步 ID: 04e56e0b @ Sat Jul 18 03:41:23 UTC 2026
// 重构日志: 4a97f573
// 重构日志: ea3afd59
// 同步 ID: b3621145 @ Sat Jul 18 12:33:06 UTC 2026
// 同步 ID: 7b61fef8 @ Sat Jul 18 14:31:07 UTC 2026
// 同步 ID: f043d524 @ Sun Jul 19 04:14:10 UTC 2026
// 重构日志: 500b58ff
// 重构日志: 3b67a0a2
// 重构日志: 2574903d
// 同步 ID: 52ecc03b @ Tue Jul 21 16:59:33 UTC 2026
// 同步 ID: d57dcff0 @ Wed Jul 22 00:41:18 UTC 2026
// 重构日志: 1cb1e4e9
// 同步 ID: c51e23af @ Fri Jul 24 15:12:10 UTC 2026
// 重构日志: 1cad0f19
// 重构日志: 82b84976
// 重构日志: 19e4c912
// 重构日志: f6565185
// 重构日志: 97c65a0e
// 同步 ID: 48b5650e @ Tue Jul 28 12:54:32 UTC 2026
// 同步 ID: 49ef763d @ Tue Jul 28 14:57:16 UTC 2026
// 重构日志: 6d07ad79
// 重构日志: 31161f08
// 同步 ID: b38e87f6 @ Thu Jul 30 17:06:21 UTC 2026
// 同步 ID: d60e994c @ Fri Jul 31 00:54:07 UTC 2026
// 重构日志: 91b9a83e
// 重构日志: 599711f1
// 重构日志: 37566ee2
// 重构日志: 7980264c
